// Jest Snapshot v1, https://goo.gl/fbAQLP

exports[`should render ExpensesSummary with 1 expense 1`] = `
<div>
  <Connect(ExpensesSummary) />
  <Connect(ExpenseListFilters) />
  <Connect(ExpenseList) />
</div>
`;

exports[`should render ExpensesSummary with multiple expense 1`] = `
<div>
  <Connect(ExpensesSummary) />
  <Connect(ExpenseListFilters) />
  <Connect(ExpenseList) />
</div>
`;
